r > 5e-1*q

Here the number of error explode, and propagate to SmithNew and SmithNewSort as
well.

################################################################################

r > 5e-2*q
INSTANCE cube_n12_d2_s27.txt
DIFFGEO Simple         .0032114 / .17015776921967079700

INSTANCE cube_n12_d2_s43.txt
DIFFGEO SimpleSort     .0065104 / .29151319320634198800

################################################################################

r > 5e-3*q (default)
INSTANCE cube_n10_d2_s42.txt
DIFFGEO SimpleSort     .0002782 / .01520460108061974600

INSTANCE cube_n12_d2_s26.txt
DIFFGEO SimpleSort     .0040131 / .22828676107441940200

INSTANCE cube_n12_d2_s27.txt
DIFFGEO Simple         .0032114 / .17015776921967079700

INSTANCE cube_n12_d2_s43.txt
DIFFGEO SimpleSort     .0065104 / .29151319320634198800

INSTANCE cube_n12_d2_s49.txt
DIFFGEO Simple         .0062502 / .29493076945872073400
DIFFGEO SimpleSort     .0062502 / .29493076945872073400

################################################################################

r > 5e-4*q
INSTANCE cube_n10_d2_s42.txt
DIFFGEO SimpleSort     .0002782 / .01520460108061974600

INSTANCE cube_n12_d2_s26.txt
DIFFGEO SimpleSort     .0040131 / .22828676107441940200

INSTANCE cube_n12_d2_s27.txt
DIFFGEO Simple         .0032114 / .17015776921967079700

INSTANCE cube_n12_d2_s38.txt
DIFFGEO SimpleSort     .0013430 / .07139105714048781900

INSTANCE cube_n12_d2_s43.txt
DIFFGEO SimpleSort     .0065104 / .29151319320634198800

INSTANCE cube_n12_d2_s49.txt
DIFFGEO Simple         .0062502 / .29493076945872073400
DIFFGEO SimpleSort     .0062502 / .29493076945872073400

################################################################################

q - 10*r (Running time is significantly higher, than all of the above)
INSTANCE cube_n11_d2_s9.txt
DIFFGEO SimpleSort     .0056883 / .26175520525095216000

INSTANCE cube_n12_d2_s12.txt
DIFFGEO Simple         .0345063 / 1.40476194934938014000

INSTANCE cube_n12_d2_s43.txt
DIFFGEO SimpleSort     .0065104 / .29151319320634198800

INSTANCE cube_n12_d2_s9.txt
DIFFGEO SimpleSort     .0048827 / .21444861075273539700

################################################################################

Instance: cube_n12_d2_s43

SmithNew
[0 0 3 3 5 2 9 11 12 0]
[0 0 3 3 5 2 9 11 12 1]
[0 0 3 3 5 2 9 11 12 2]
[0 0 3 3 5 2 9 11 12 15]
[0 0 3 3 5 2 9 11 12 17]

SmithNewSort
[0 1 2 1 6 3 6 1 9 0]
[0 1 2 1 6 3 6 1 9 1]
[0 0 1 4 6 7 1 1 5 1]
[0 0 1 4 6 7 1 1 5 15]
[0 0 1 4 5 7 1 1 5 15]
[0 0 2 4 6 7 5 3 2 5]
[0 0 2 4 6 0 5 3 2 1]
[0 0 2 4 6 0 5 3 2 3]
[0 0 2 4 6 0 5 3 2 5]
[0 0 2 4 5 0 5 3 2 5]
[0 0 2 4 2 0 5 3 2 5]
[0 0 2 3 6 0 5 3 2 5]
[0 0 2 3 2 0 5 3 2 5]

Simple
[0 0 3 3 5 2 9 11 12 0]
[0 0 3 3 5 2 9 11 12 1]
[0 0 3 3 5 2 9 11 12 2]
[0 0 3 3 5 2 9 11 12 17]

SimpleSort
[0 1 2 1 6 3 6 1 9 0]
[0 1 2 1 6 3 6 1 9 1]
[0 0 1 4 6 7 1 1 5 15]
[0 0 1 4 5 7 1 1 5 15]
[0 0 2 4 6 7 5 3 2 5]
[0 0 2 4 6 0 5 3 2 5]
[0 0 2 3 6 0 5 3 2 5]


SmithNew
=============== BEGIN TREE ===============
### Topology Vector ###
[0 0 3 3 5 2 9 11 12 17]

### Edges ###
( 0 13), ( 1 12), ( 2 17), (12 15),
( 3 13), (13 16), ( 4 14), (14 15),
( 5 15), (14 18), ( 6 16), (12 19),
( 7 20), (16 18), ( 8 18), (17 19),
( 9 19), (17 21), (10 20), (20 21),
(11 21)


### Terminals ###
 0 : [0.3921490034 0.2415533509]
 1 : [0.4918181642 0.7429387396]
 2 : [0.1386943274 0.9690520419]
 3 : [0.4979442570 0.1569527281]
 4 : [0.6047278813 0.6099463206]
 5 : [0.8727000411 0.9242446869]
 6 : [0.7194525505 0.1857139022]
 7 : [0.0945956191 0.7204462847]
 8 : [0.7615132685 0.3106321545]
 9 : [0.2578007133 0.9034257293]
10 : [0.0485690669 0.5226562896]
11 : [0.1556680115 0.8831310002]

### Steiner points ###
12 : [0.4918181645 0.7429387401]
13 : [0.4979442634 0.1569527522]
14 : [0.6047278823 0.6099463209]
15 : [0.5913549374 0.7030704432]
16 : [0.7152652147 0.1909070969]
17 : [0.1709586494 0.9071646468]
18 : [0.7615132301 0.3106321523]
19 : [0.2578007124 0.9034257267]
20 : [0.0945956194 0.7204462846]
21 : [0.1556680120 0.8831310000]

### Error ###           ### Length ###
0.0002147465            2.2333123825
=============== END TREE ===============


SmithNewSort
=============== BEGIN TREE ===============
### Topology Vector ###
[0 0 2 3 6 0 5 3 2 5]

### Edges ###
( 0 17), ( 1 12), ( 2 20), (12 19),
( 3 13), (12 21), ( 4 16), (13 15),
( 5 15), (14 16), ( 6 16), (13 17),
( 7 17), (14 18), ( 8 18), (15 19),
( 9 19), (14 20), (10 20), (18 21),
(11 21)


### Terminals ###
 0 : [0.3921490034 0.2415533509]
 1 : [0.8727000411 0.9242446869]
 2 : [0.0485690669 0.5226562896]
 3 : [0.7194525505 0.1857139022]
 4 : [0.1386943274 0.9690520419]
 5 : [0.7615132685 0.3106321545]
 6 : [0.1556680115 0.8831310002]
 7 : [0.4979442570 0.1569527281]
 8 : [0.2578007133 0.9034257293]
 9 : [0.6047278813 0.6099463206]
10 : [0.0945956191 0.7204462847]
11 : [0.4918181642 0.7429387396]

### Steiner points ###
12 : [0.5913549371 0.7030704435]
13 : [0.7152655010 0.1909067351]
14 : [0.1556698664 0.8831288183]
15 : [0.7615132530 0.3106321536]
16 : [0.1556680132 0.8831310011]
17 : [0.4979442599 0.1569527389]
18 : [0.2578007117 0.9034257215]
19 : [0.6047278822 0.6099463209]
20 : [0.0945956194 0.7204462846]
21 : [0.4918181645 0.7429387401]

### Error ###           ### Length ###
0.0002217335            2.2398228290
=============== END TREE ===============

=============== BEGIN TREE ===============
### Topology Vector ###
[0 0 2 3 2 0 5 3 2 5]

### Edges ###
( 0 17), ( 1 12), ( 2 20), (12 19),
( 3 13), (12 21), ( 4 14), (13 15),
( 5 15), (14 16), ( 6 16), (13 17),
( 7 17), (14 18), ( 8 18), (15 19),
( 9 19), (16 20), (10 20), (18 21),
(11 21)


### Terminals ###
 0 : [0.3921490034 0.2415533509]
 1 : [0.8727000411 0.9242446869]
 2 : [0.0485690669 0.5226562896]
 3 : [0.7194525505 0.1857139022]
 4 : [0.1386943274 0.9690520419]
 5 : [0.7615132685 0.3106321545]
 6 : [0.1556680115 0.8831310002]
 7 : [0.4979442570 0.1569527281]
 8 : [0.2578007133 0.9034257293]
 9 : [0.6047278813 0.6099463206]
10 : [0.0945956191 0.7204462847]
11 : [0.4918181642 0.7429387396]

### Steiner points ###
12 : [0.5913549374 0.7030704432]
13 : [0.7152648406 0.1909075708]
14 : [0.1709586123 0.9071645810]
15 : [0.7615132581 0.3106321539]
16 : [0.1556680119 0.8831310000]
17 : [0.4979442593 0.1569527368]
18 : [0.2578007125 0.9034257270]
19 : [0.6047278822 0.6099463209]
20 : [0.0945956194 0.7204462846]
21 : [0.4918181645 0.7429387401]

### Error ###           ### Length ###
0.0002227832            2.2333123743
=============== END TREE ===============


SimpleSort
=============== BEGIN TREE ===============
### Topology Vector ###
[0 0 2 3 6 0 5 3 2 5]

### Edges ###
( 0 17), ( 1 12), ( 2 20), (12 19),
( 3 13), (12 21), ( 4 16), (13 15),
( 5 15), (14 16), ( 6 16), (13 17),
( 7 17), (14 18), ( 8 18), (15 19),
( 9 19), (14 20), (10 20), (18 21),
(11 21)


### Terminals ###
 0 : [0.3921490034 0.2415533509]
 1 : [0.8727000411 0.9242446869]
 2 : [0.0485690669 0.5226562896]
 3 : [0.7194525505 0.1857139022]
 4 : [0.1386943274 0.9690520419]
 5 : [0.7615132685 0.3106321545]
 6 : [0.1556680115 0.8831310002]
 7 : [0.4979442570 0.1569527281]
 8 : [0.2578007133 0.9034257293]
 9 : [0.6047278813 0.6099463206]
10 : [0.0945956191 0.7204462847]
11 : [0.4918181642 0.7429387396]

### Steiner points ###
12 : [0.5913549360 0.7030704420]
13 : [0.7152661891 0.1909058649]
14 : [0.1556680115 0.8831310002]
15 : [0.7615132685 0.3106321545]
16 : [0.1556680115 0.8831310002]
17 : [0.4979442570 0.1569527281]
18 : [0.2578007133 0.9034257293]
19 : [0.6047278813 0.6099463206]
20 : [0.0945956191 0.7204462847]
21 : [0.4918181642 0.7429387396]

### Error ###           ### Length ###
0.0000000113            2.2398227411
=============== END TREE ===============
